../Core/Src/main.c:102:5:main	16	static
../Core/Src/main.c:195:6:SystemClock_Config	88	static
../Core/Src/main.c:241:13:MX_I2C1_Init	8	static
../Core/Src/main.c:275:13:MX_USART2_UART_Init	8	static
../Core/Src/main.c:308:13:MX_GPIO_Init	48	static
../Core/Src/main.c:351:6:StartDefaultTask	16	static
../Core/Src/main.c:369:6:task1_init	48	static
../Core/Src/main.c:391:6:task2_init	184	static
../Core/Src/main.c:419:6:HAL_TIM_PeriodElapsedCallback	16	static
../Core/Src/main.c:436:6:Error_Handler	4	static,ignoring_inline_asm
