01:27:18 **** Incremental Build of configuration Debug for project smartmachine ****
make -j8 all 
arm-none-eabi-gcc "../Core/Src/main.c" -mcpu=cortex-m4 -std=gnu11 -g3 -DDEBUG -DUSE_HAL_DRIVER -DSTM32F407xx -c -I../Core/Inc -I../Drivers/STM32F4xx_HAL_Driver/Inc -I../Drivers/STM32F4xx_HAL_Driver/Inc/Legacy -I../Drivers/CMSIS/Device/ST/STM32F4xx/Include -I../Drivers/CMSIS/Include -I../Middlewares/Third_Party/FreeRTOS/Source/include -I../Middlewares/Third_Party/FreeRTOS/Source/CMSIS_RTOS_V2 -I../Middlewares/Third_Party/FreeRTOS/Source/portable/GCC/ARM_CM4F -O0 -ffunction-sections -fdata-sections -Wall -fstack-usage -fcyclomatic-complexity -MMD -MP -MF"Core/Src/main.d" -MT"Core/Src/main.o" --specs=nano.specs -mfpu=fpv4-sp-d16 -mfloat-abi=hard -mthumb -o "Core/Src/main.o"
arm-none-eabi-gcc -o "smartmachine.elf" @"objects.list"   -mcpu=cortex-m4 -T"C:\Users\sherd\Documents\GitHub\smartmachine\smartmachine\STM32F407VGTX_FLASH.ld" --specs=nosys.specs -Wl,-Map="smartmachine.map" -Wl,--gc-sections -static --specs=nano.specs -mfpu=fpv4-sp-d16 -mfloat-abi=hard -mthumb -Wl,--start-group -lc -lm -Wl,--end-group
Finished building target: smartmachine.elf
 
arm-none-eabi-size  smartmachine.elf 
arm-none-eabi-objdump -h -S smartmachine.elf  > "smartmachine.list"
   text	   data	    bss	    dec	    hex	filename
  28296	    108	  20844	  49248	   c060	smartmachine.elf
Finished building: default.size.stdout
 
Finished building: smartmachine.list
 

01:27:19 Build Finished. 0 errors, 0 warnings. (took 1s.342ms)

