../Core/Src/main.c:92:8:user_i2c_read	24	static
../Core/Src/main.c:103:6:user_delay_ms	16	static
../Core/Src/main.c:110:8:user_i2c_write	32	static
../Core/Src/main.c:126:5:_write	32	static
../Core/Src/main.c:140:5:main	8	static
../Core/Src/main.c:252:6:SystemClock_Config	88	static
../Core/Src/main.c:299:13:MX_I2C1_Init	8	static
../Core/Src/main.c:333:13:MX_USART2_UART_Init	8	static
../Core/Src/main.c:366:13:MX_GPIO_Init	56	static
../Core/Src/main.c:506:6:StartDefaultTask	16	static
../Core/Src/main.c:523:6:Startbme280Task	48	static
../Core/Src/main.c:549:6:HAL_TIM_PeriodElapsedCallback	16	static
../Core/Src/main.c:566:6:Error_Handler	4	static,ignoring_inline_asm
