../Core/Src/main.c:136:8:user_i2c_read	24	static
../Core/Src/main.c:146:6:user_delay_ms	16	static
../Core/Src/main.c:151:8:user_i2c_write	32	static
../Core/Src/main.c:166:5:_write	32	static
../Core/Src/main.c:179:6:sendATCommand	16	static
../Core/Src/main.c:186:6:waitForResponse	280	static
../Core/Src/main.c:214:5:main	272	static
../Core/Src/main.c:451:6:SystemClock_Config	88	static
../Core/Src/main.c:497:13:MX_I2C1_Init	8	static
../Core/Src/main.c:531:13:MX_USART2_UART_Init	8	static
../Core/Src/main.c:564:13:MX_USART3_UART_Init	8	static
../Core/Src/main.c:597:13:MX_GPIO_Init	56	static
../Core/Src/main.c:737:6:StartDefaultTask	16	static
../Core/Src/main.c:755:6:Startbme280Task	32	static
../Core/Src/main.c:789:6:StartlcdTask	72	static
../Core/Src/main.c:847:6:StartmqttTask	456	static
../Core/Src/main.c:900:6:HAL_TIM_PeriodElapsedCallback	16	static
../Core/Src/main.c:917:6:Error_Handler	4	static,ignoring_inline_asm
