../Core/Src/main.c:135:8:user_i2c_read	24	static
../Core/Src/main.c:145:6:user_delay_ms	16	static
../Core/Src/main.c:150:8:user_i2c_write	32	static
../Core/Src/main.c:165:5:_write	32	static
../Core/Src/main.c:178:6:sendATCommand	16	static
../Core/Src/main.c:185:6:waitForResponse	280	static
../Core/Src/main.c:213:5:main	272	static
../Core/Src/main.c:450:6:SystemClock_Config	88	static
../Core/Src/main.c:496:13:MX_I2C1_Init	8	static
../Core/Src/main.c:530:13:MX_USART2_UART_Init	8	static
../Core/Src/main.c:563:13:MX_USART3_UART_Init	8	static
../Core/Src/main.c:596:13:MX_GPIO_Init	56	static
../Core/Src/main.c:736:6:StartDefaultTask	16	static
../Core/Src/main.c:754:6:Startbme280Task	32	static
../Core/Src/main.c:788:6:StartlcdTask	72	static
../Core/Src/main.c:846:6:StartmqttTask	456	static
../Core/Src/main.c:899:6:HAL_TIM_PeriodElapsedCallback	16	static
../Core/Src/main.c:916:6:Error_Handler	4	static,ignoring_inline_asm
