../Core/Src/main.c:115:8:user_i2c_read	24	static
../Core/Src/main.c:125:6:user_delay_ms	16	static
../Core/Src/main.c:130:8:user_i2c_write	32	static
../Core/Src/main.c:145:5:_write	32	static
../Core/Src/main.c:157:5:main	8	static
../Core/Src/main.c:293:6:SystemClock_Config	88	static
../Core/Src/main.c:339:13:MX_I2C1_Init	8	static
../Core/Src/main.c:373:13:MX_USART2_UART_Init	8	static
../Core/Src/main.c:406:13:MX_GPIO_Init	56	static
../Core/Src/main.c:546:6:StartDefaultTask	16	static
../Core/Src/main.c:564:6:Startbme280Task	32	static
../Core/Src/main.c:597:6:StartlcdTask	72	static
../Core/Src/main.c:657:6:HAL_TIM_PeriodElapsedCallback	16	static
../Core/Src/main.c:674:6:Error_Handler	4	static,ignoring_inline_asm
