../Core/Src/main.c:120:8:user_i2c_read	24	static
../Core/Src/main.c:130:6:user_delay_ms	16	static
../Core/Src/main.c:135:8:user_i2c_write	32	static
../Core/Src/main.c:150:5:_write	32	static
../Core/Src/main.c:156:6:StartMQTTPublishTask	200	static
../Core/Src/main.c:182:6:publishMQTTMessage	544	static
../Core/Src/main.c:222:6:sendATCommand	16	static
../Core/Src/main.c:229:6:waitForResponse	280	static
../Core/Src/main.c:257:5:main	120	static
../Core/Src/main.c:495:6:SystemClock_Config	88	static
../Core/Src/main.c:538:13:MX_I2C1_Init	8	static
../Core/Src/main.c:570:13:MX_USART2_UART_Init	8	static
../Core/Src/main.c:601:13:MX_USART3_UART_Init	8	static
../Core/Src/main.c:632:13:MX_GPIO_Init	56	static
../Core/Src/main.c:773:6:StartDefaultTask	16	static
../Core/Src/main.c:790:6:Startbme280Task	32	static
../Core/Src/main.c:823:6:StartlcdTask	72	static
../Core/Src/main.c:880:6:StartmqttTask	200	static
../Core/Src/main.c:915:6:HAL_TIM_PeriodElapsedCallback	16	static
../Core/Src/main.c:931:6:Error_Handler	4	static,ignoring_inline_asm
