../Core/Src/main.c:127:8:user_i2c_read	24	static
../Core/Src/main.c:137:6:user_delay_ms	16	static
../Core/Src/main.c:142:8:user_i2c_write	32	static
../Core/Src/main.c:157:5:_write	32	static
../Core/Src/main.c:165:6:StartMQTTPublishTask	200	static
../Core/Src/main.c:189:6:publishMQTTMessage	544	static
../Core/Src/main.c:235:6:sendATCommand	16	static
../Core/Src/main.c:251:5:main	8	static
../Core/Src/main.c:390:6:SystemClock_Config	88	static
../Core/Src/main.c:436:13:MX_I2C1_Init	8	static
../Core/Src/main.c:470:13:MX_USART2_UART_Init	8	static
../Core/Src/main.c:503:13:MX_GPIO_Init	56	static
../Core/Src/main.c:644:6:StartDefaultTask	16	static
../Core/Src/main.c:662:6:Startbme280Task	32	static
../Core/Src/main.c:695:6:StartlcdTask	72	static
../Core/Src/main.c:754:6:StartmqttTask	200	static
../Core/Src/main.c:786:6:HAL_TIM_PeriodElapsedCallback	16	static
../Core/Src/main.c:803:6:Error_Handler	4	static,ignoring_inline_asm
